// Jest Snapshot v1, https://goo.gl/fbAQLP

exports[`Game Modes Component should render without crashing 1`] = `ShallowWrapper {}`;
